// Jest Snapshot v1, https://goo.gl/fbAQLP

exports[`should render expenses data 1`] = `
<div>
  <Link
    replace={false}
    to="/edit/1"
  >
    gum
  </Link>
  <p>
    $1.95
    -
    1st January, 1970
  </p>
</div>
`;
