// Jest Snapshot v1, https://goo.gl/fbAQLP

exports[`should render the login page correctly 1`] = `
<div
  className="login-page__box-layout"
>
  <div
    className="login-page__box"
  >
    <h1
      className="login-page__title"
    >
      Expensify
    </h1>
    <p>
      It's time to get your expenses under control
    </p>
    <button
      className="button"
    >
      Login with Google
    </button>
  </div>
</div>
`;
